starting 48 queued
finishing 48 done
cleaned
starting 53 queued
finishing 53 done
cleaned
Process Process-1:
Traceback (most recent call last):
  File "/home/mdipierro/.local/share/uv/python/cpython-3.11.13-linux-x86_64-gnu/lib/python3.11/multiprocessing/process.py", line 314, in _bootstrap
    self.run()
  File "/home/mdipierro/.local/share/uv/python/cpython-3.11.13-linux-x86_64-gnu/lib/python3.11/multiprocessing/process.py", line 108, in run
    self._target(*self._args, **self._kwargs)
  File "/home/mdipierro/Dropbox/ProjectsActive/py4web/apps/ci/tasks.py", line 27, in loop
    time.sleep(5)
KeyboardInterrupt
